I'm sorry, but errors were detected in your script. Please correct the
errors listed below, and try again.


File "game/script.rpy", line 248: Line is indented, but the preceding scene statement statement does not expect a block. Please check this line's indentation. You may have forgotten a colon (:).
    with dissolve
    ^

Ren'Py Version: Ren'Py 8.3.7.25031702
Sat Apr 26 18:57:59 2025
